

#
# Converting terraform plan to json format
$ terraform plan -out=tfplan.binary

# another way to execute plan is by providing directory with -chdir
$ terraform -chdir=$HOME/iac/pac-test plan -out=$HOME/iac/tfplan.binary

$ terraform show -json tfplan.binary > tfplan.json

#loading json in opa
$ opa run tfplan.json

# running opa directly from shell to test tfplan.json against computes.rego and calling packge data.terraform.ar.com.deny
$ opa eval --input ../tfplan.json --data computes.rego "data.terraform.ar.compute.deny"



#running it via pipeline
#!/bin/bash
terraform plan -out=tfplan.binary
terraform show -json tfplan.binary > tfplan.json
opa eval --input tfplan.json --data machine_type_check.rego "data.terraform.machine_types.deny"

if [ $? -ne 0 ]; then
    echo "Policy check failed. Please fix violations."
    exit 1
fi

echo "Policy check passed."
